[debug] [2026-08-08T08:59:00.879Z] ----------------------------------------------------------------------
[debug] [2026-08-08T08:59:00.881Z] Command:       C:\Program Files\nodejs\node.exe C:\Users\Jonald Hermogeno\AppData\Roaming\npm\node_modules\firebase-tools\lib\bin\firebase.js deploy
[debug] [2026-08-08T08:59:00.881Z] CLI Version:   15.22.0
[debug] [2026-08-08T08:59:00.881Z] Platform:      win32
[debug] [2026-08-08T08:59:00.881Z] Node Version:  v24.16.0
[debug] [2026-08-08T08:59:00.881Z] Detected Agent: unknown
[debug] [2026-08-08T08:59:00.881Z] Time:          Sat Aug 08 2026 16:59:00 GMT+0800 (Philippine Standard Time)
[debug] [2026-08-08T08:59:00.881Z] ----------------------------------------------------------------------
[debug] 
[debug] [2026-08-08T08:59:01.902Z] > command requires scopes: ["email","openid","https://www.googleapis.com/auth/cloudplatformprojects.readonly","https://www.googleapis.com/auth/firebase","https://www.googleapis.com/auth/cloud-platform"]
[debug] [2026-08-08T08:59:01.903Z] > authorizing via signed-in user (jonaldhermogeno625@gmail.com)
[debug] [2026-08-08T08:59:01.903Z] [iam] checking project trackvis-c9599 for permissions ["cloudfunctions.functions.create","cloudfunctions.functions.delete","cloudfunctions.functions.get","cloudfunctions.functions.list","cloudfunctions.functions.update","cloudfunctions.operations.get","firebase.projects.get","firebasehosting.sites.update"]
[debug] [2026-08-08T08:59:01.904Z] Checked if tokens are valid: true, expires at: 1786181260340
[debug] [2026-08-08T08:59:01.904Z] Checked if tokens are valid: true, expires at: 1786181260340
[debug] [2026-08-08T08:59:01.905Z] >>> [apiv2][query] POST https://cloudresourcemanager.googleapis.com/v1/projects/trackvis-c9599:testIamPermissions [none]
[debug] [2026-08-08T08:59:01.905Z] >>> [apiv2][(partial)header] POST https://cloudresourcemanager.googleapis.com/v1/projects/trackvis-c9599:testIamPermissions  x-goog-user-project=trackvis-c9599
[debug] [2026-08-08T08:59:01.905Z] >>> [apiv2][body] POST https://cloudresourcemanager.googleapis.com/v1/projects/trackvis-c9599:testIamPermissions {"permissions":["cloudfunctions.functions.create","cloudfunctions.functions.delete","cloudfunctions.functions.get","cloudfunctions.functions.list","cloudfunctions.functions.update","cloudfunctions.operations.get","firebase.projects.get","firebasehosting.sites.update"]}
[debug] [2026-08-08T08:59:03.037Z] <<< [apiv2][status] POST https://cloudresourcemanager.googleapis.com/v1/projects/trackvis-c9599:testIamPermissions 200
[debug] [2026-08-08T08:59:03.037Z] <<< [apiv2][body] POST https://cloudresourcemanager.googleapis.com/v1/projects/trackvis-c9599:testIamPermissions {"permissions":["cloudfunctions.functions.create","cloudfunctions.functions.delete","cloudfunctions.functions.get","cloudfunctions.functions.list","cloudfunctions.functions.update","cloudfunctions.operations.get","firebase.projects.get","firebasehosting.sites.update"]}
[debug] [2026-08-08T08:59:03.038Z] Checked if tokens are valid: true, expires at: 1786181260340
[debug] [2026-08-08T08:59:03.038Z] Checked if tokens are valid: true, expires at: 1786181260340
[debug] [2026-08-08T08:59:03.038Z] >>> [apiv2][query] POST https://iam.googleapis.com/v1/projects/trackvis-c9599/serviceAccounts/trackvis-c9599@appspot.gserviceaccount.com:testIamPermissions [none]
[debug] [2026-08-08T08:59:03.038Z] >>> [apiv2][body] POST https://iam.googleapis.com/v1/projects/trackvis-c9599/serviceAccounts/trackvis-c9599@appspot.gserviceaccount.com:testIamPermissions {"permissions":["iam.serviceAccounts.actAs"]}
[debug] [2026-08-08T08:59:04.281Z] <<< [apiv2][status] POST https://iam.googleapis.com/v1/projects/trackvis-c9599/serviceAccounts/trackvis-c9599@appspot.gserviceaccount.com:testIamPermissions 200
[debug] [2026-08-08T08:59:04.282Z] <<< [apiv2][body] POST https://iam.googleapis.com/v1/projects/trackvis-c9599/serviceAccounts/trackvis-c9599@appspot.gserviceaccount.com:testIamPermissions {"permissions":["iam.serviceAccounts.actAs"]}
[debug] [2026-08-08T08:59:04.283Z] Checked if tokens are valid: true, expires at: 1786181260340
[debug] [2026-08-08T08:59:04.283Z] Checked if tokens are valid: true, expires at: 1786181260340
[debug] [2026-08-08T08:59:04.284Z] >>> [apiv2][query] GET https://firebase.googleapis.com/v1beta1/projects/trackvis-c9599 [none]
[debug] [2026-08-08T08:59:04.767Z] <<< [apiv2][status] GET https://firebase.googleapis.com/v1beta1/projects/trackvis-c9599 200
[debug] [2026-08-08T08:59:04.767Z] <<< [apiv2][body] GET https://firebase.googleapis.com/v1beta1/projects/trackvis-c9599 {"projectId":"trackvis-c9599","projectNumber":"997949731568","displayName":"TrackVis","name":"projects/trackvis-c9599","resources":{"hostingSite":"trackvis-c9599"},"state":"ACTIVE","labels":{"firebase":"enabled"},"etag":"1_5df56dff-4594-48e2-b81e-ba9c75313bd9"}
[info] 
[info] === Deploying to 'trackvis-c9599'...
[info] 
[info] i  deploying functions, hosting 
[debug] [2026-08-08T08:59:04.775Z] Checked if tokens are valid: true, expires at: 1786181260340
[debug] [2026-08-08T08:59:04.775Z] Checked if tokens are valid: true, expires at: 1786181260340
[debug] [2026-08-08T08:59:04.775Z] >>> [apiv2][query] GET https://cloudresourcemanager.googleapis.com/v1/projects/trackvis-c9599 [none]
[debug] [2026-08-08T08:59:05.073Z] <<< [apiv2][status] GET https://cloudresourcemanager.googleapis.com/v1/projects/trackvis-c9599 200
[debug] [2026-08-08T08:59:05.074Z] <<< [apiv2][body] GET https://cloudresourcemanager.googleapis.com/v1/projects/trackvis-c9599 {"projectNumber":"997949731568","projectId":"trackvis-c9599","lifecycleState":"ACTIVE","name":"TrackVis","labels":{"firebase":"enabled","firebase-core":"disabled"},"createTime":"2026-06-10T13:45:29.190Z"}
[info] i  functions: preparing codebase default for deployment 
[info] i  functions: ensuring required API cloudfunctions.googleapis.com is enabled... 
[info] i  functions: ensuring required API cloudbuild.googleapis.com is enabled... 
[info] i  artifactregistry: ensuring required API artifactregistry.googleapis.com is enabled... 
[debug] [2026-08-08T08:59:05.083Z] Checked if tokens are valid: true, expires at: 1786181260340
[debug] [2026-08-08T08:59:05.083Z] Checked if tokens are valid: true, expires at: 1786181260340
[debug] [2026-08-08T08:59:05.083Z] >>> [apiv2][query] GET https://firebase.googleapis.com/v1beta1/projects/trackvis-c9599/adminSdkConfig [none]
[debug] [2026-08-08T08:59:05.403Z] <<< [apiv2][status] GET https://firebase.googleapis.com/v1beta1/projects/trackvis-c9599/adminSdkConfig 200
[debug] [2026-08-08T08:59:05.403Z] <<< [apiv2][body] GET https://firebase.googleapis.com/v1beta1/projects/trackvis-c9599/adminSdkConfig {"projectId":"trackvis-c9599","storageBucket":"trackvis-c9599.firebasestorage.app"}
[debug] [2026-08-08T08:59:05.404Z] Checked if tokens are valid: true, expires at: 1786181260340
[debug] [2026-08-08T08:59:05.404Z] Checked if tokens are valid: true, expires at: 1786181260340
[debug] [2026-08-08T08:59:05.404Z] >>> [apiv2][query] GET https://runtimeconfig.googleapis.com/v1beta1/projects/trackvis-c9599/configs [none]
[debug] [2026-08-08T08:59:06.102Z] <<< [apiv2][status] GET https://runtimeconfig.googleapis.com/v1beta1/projects/trackvis-c9599/configs 200
[debug] [2026-08-08T08:59:06.103Z] <<< [apiv2][body] GET https://runtimeconfig.googleapis.com/v1beta1/projects/trackvis-c9599/configs {}
[debug] [2026-08-08T08:59:06.106Z] Validating nodejs source
[warn] !  functions: package.json indicates an outdated version of firebase-functions. Please upgrade using npm install --save firebase-functions@latest in your functions directory. 
[warn] !  functions: Please note that there will be breaking changes when you upgrade. 
[debug] [2026-08-08T08:59:07.052Z] > [functions] package.json contents: {
  "name": "functions",
  "type": "commonjs",
  "engines": {
    "node": "22"
  },
  "main": "index.js",
  "dependencies": {
    "firebase-admin": "^12.7.0",
    "firebase-functions": "^5.1.0"
  },
  "devDependencies": {
    "@types/node": "^26.1.0"
  }
}
[debug] [2026-08-08T08:59:07.052Z] Building nodejs source
[info] i  functions: Loading and analyzing source code for codebase default to determine what to deploy 
[debug] [2026-08-08T08:59:07.053Z] Could not find functions.yaml. Must use http discovery
[debug] [2026-08-08T08:59:07.059Z] Found firebase-functions binary at 'C:\Users\Jonald Hermogeno\Documents\Jonald Folder\TrackvisNew\functions\node_modules\.bin\firebase-functions'
[info] Serving at port 8370

[debug] [2026-08-08T08:59:07.474Z] Got response from /__/functions.yaml {"endpoints":{"registerVisitor":{"platform":"gcfv1","availableMemoryMb":null,"timeoutSeconds":null,"minInstances":null,"maxInstances":null,"ingressSettings":null,"serviceAccountEmail":null,"vpc":null,"httpsTrigger":{},"entryPoint":"registerVisitor"},"updateRFIDLocation":{"platform":"gcfv1","availableMemoryMb":null,"timeoutSeconds":null,"minInstances":null,"maxInstances":null,"ingressSettings":null,"serviceAccountEmail":null,"vpc":null,"httpsTrigger":{},"entryPoint":"updateRFIDLocation"},"scanRFID":{"platform":"gcfv1","availableMemoryMb":null,"timeoutSeconds":null,"minInstances":null,"maxInstances":null,"ingressSettings":null,"serviceAccountEmail":null,"vpc":null,"httpsTrigger":{},"entryPoint":"scanRFID"},"onVisitorDelete":{"platform":"gcfv1","availableMemoryMb":null,"timeoutSeconds":null,"minInstances":null,"maxInstances":null,"ingressSettings":null,"serviceAccountEmail":null,"vpc":null,"eventTrigger":{"eventType":"providers/cloud.firestore/eventTypes/document.delete","eventFilters":{"resource":"projects/trackvis-c9599/databases/(default)/documents/visitors/{id}"},"retry":false},"labels":{},"entryPoint":"onVisitorDelete"},"onAuthUserDelete":{"platform":"gcfv1","availableMemoryMb":null,"timeoutSeconds":null,"minInstances":null,"maxInstances":null,"ingressSettings":null,"serviceAccountEmail":null,"vpc":null,"eventTrigger":{"eventType":"providers/firebase.auth/eventTypes/user.delete","eventFilters":{"resource":"projects/trackvis-c9599"},"retry":false},"labels":{},"entryPoint":"onAuthUserDelete"}},"specVersion":"v1alpha1","requiredAPIs":[],"extensions":{}}
[debug] [2026-08-08T08:59:11.516Z] Checked if tokens are valid: true, expires at: 1786181260340
[debug] [2026-08-08T08:59:11.516Z] Checked if tokens are valid: true, expires at: 1786181260340
[debug] [2026-08-08T08:59:11.517Z] >>> [apiv2][query] GET https://cloudfunctions.googleapis.com/v1/projects/trackvis-c9599/locations/-/functions [none]
[debug] [2026-08-08T08:59:12.403Z] <<< [apiv2][status] GET https://cloudfunctions.googleapis.com/v1/projects/trackvis-c9599/locations/-/functions 200
[debug] [2026-08-08T08:59:12.403Z] <<< [apiv2][body] GET https://cloudfunctions.googleapis.com/v1/projects/trackvis-c9599/locations/-/functions {"functions":[{"name":"projects/trackvis-c9599/locations/us-central1/functions/onVisitorDelete","eventTrigger":{"eventType":"providers/cloud.firestore/eventTypes/document.delete","resource":"projects/trackvis-c9599/databases/(default)/documents/visitors/{id}","service":"firestore.googleapis.com","failurePolicy":{}},"status":"ACTIVE","entryPoint":"onVisitorDelete","timeout":"60s","availableMemoryMb":256,"serviceAccountEmail":"trackvis-c9599@appspot.gserviceaccount.com","updateTime":"2026-08-08T08:30:51.511Z","versionId":"6","labels":{"deployment-tool":"cli-firebase","firebase-functions-hash":"030b5fdacd415b6267276a035a674204ddea33a6"},"sourceUploadUrl":"https://storage.googleapis.com/uploads-676679363667.us-central1.cloudfunctions.appspot.com/93d36f44-c998-436a-9d65-da429e9b1f52.zip","environmentVariables":{"FIREBASE_CONFIG":"{\"projectId\":\"trackvis-c9599\",\"storageBucket\":\"trackvis-c9599.firebasestorage.app\"}","GCLOUD_PROJECT":"trackvis-c9599","EVENTARC_CLOUD_EVENT_SOURCE":"projects/trackvis-c9599/locations/us-central1/functions/onVisitorDelete"},"runtime":"nodejs22","maxInstances":3000,"ingressSettings":"ALLOW_ALL","buildId":"df3dcd60-81fe-4400-ae9e-440f820e768e","buildEnvironmentVariables":{"GOOGLE_NODE_RUN_SCRIPTS":""},"buildName":"projects/997949731568/locations/us-central1/builds/df3dcd60-81fe-4400-ae9e-440f820e768e","dockerRegistry":"ARTIFACT_REGISTRY","automaticUpdatePolicy":{},"buildServiceAccount":"projects/trackvis-c9599/serviceAccounts/997949731568-compute@developer.gserviceaccount.com","satisfiesPzi":true},{"name":"projects/trackvis-c9599/locations/us-central1/functions/scanRFID","httpsTrigger":{"url":"https://us-central1-trackvis-c9599.cloudfunctions.net/scanRFID","securityLevel":"SECURE_ALWAYS"},"status":"ACTIVE","entryPoint":"scanRFID","timeout":"60s","availableMemoryMb":256,"serviceAccountEmail":"trackvis-c9599@appspot.gserviceaccount.com","updateTime":"2026-08-08T08:30:51.261Z","versionId":"8","labels":{"firebase-functions-hash":"030b5fdacd415b6267276a035a674204ddea33a6","deployment-tool":"cli-firebase"},"sourceUploadUrl":"https://storage.googleapis.com/uploads-676679363667.us-central1.cloudfunctions.appspot.com/93d36f44-c998-436a-9d65-da429e9b1f52.zip","environmentVariables":{"FIREBASE_CONFIG":"{\"projectId\":\"trackvis-c9599\",\"storageBucket\":\"trackvis-c9599.firebasestorage.app\"}","GCLOUD_PROJECT":"trackvis-c9599","EVENTARC_CLOUD_EVENT_SOURCE":"projects/trackvis-c9599/locations/us-central1/functions/scanRFID"},"runtime":"nodejs22","ingressSettings":"ALLOW_ALL","buildId":"df3dcd60-81fe-4400-ae9e-440f820e768e","buildEnvironmentVariables":{"GOOGLE_NODE_RUN_SCRIPTS":""},"buildName":"projects/997949731568/locations/us-central1/builds/df3dcd60-81fe-4400-ae9e-440f820e768e","dockerRegistry":"ARTIFACT_REGISTRY","automaticUpdatePolicy":{},"buildServiceAccount":"projects/trackvis-c9599/serviceAccounts/997949731568-compute@developer.gserviceaccount.com","satisfiesPzi":true},{"name":"projects/trackvis-c9599/locations/us-central1/functions/registerVisitor","httpsTrigger":{"url":"https://us-central1-trackvis-c9599.cloudfunctions.net/registerVisitor","securityLevel":"SECURE_ALWAYS"},"status":"ACTIVE","entryPoint":"registerVisitor","timeout":"60s","availableMemoryMb":256,"serviceAccountEmail":"trackvis-c9599@appspot.gserviceaccount.com","updateTime":"2026-08-08T08:56:36.185Z","versionId":"9","labels":{"deployment-tool":"cli-firebase","firebase-functions-hash":"0a3003f3c6b2bdf37fda9b7d120d154f5b45a34c"},"sourceUploadUrl":"https://storage.googleapis.com/uploads-676679363667.us-central1.cloudfunctions.appspot.com/b2121731-0178-4417-b7cd-0c09de942f47.zip","environmentVariables":{"FIREBASE_CONFIG":"{\"projectId\":\"trackvis-c9599\",\"storageBucket\":\"trackvis-c9599.firebasestorage.app\"}","GCLOUD_PROJECT":"trackvis-c9599","EVENTARC_CLOUD_EVENT_SOURCE":"projects/trackvis-c9599/locations/us-central1/functions/registerVisitor"},"runtime":"nodejs22","ingressSettings":"ALLOW_ALL","buildId":"435c37a5-8b8e-4d73-9dac-c3180665eb6c","buildEnvironmentVariables":{"GOOGLE_NODE_RUN_SCRIPTS":""},"buildName":"projects/997949731568/locations/us-central1/builds/435c37a5-8b8e-4d73-9dac-c3180665eb6c","dockerRegistry":"ARTIFACT_REGISTRY","automaticUpdatePolicy":{},"buildServiceAccount":"projects/trackvis-c9599/serviceAccounts/997949731568-compute@developer.gserviceaccount.com","satisfiesPzi":true},{"name":"projects/trackvis-c9599/locations/us-central1/functions/onAuthUserDelete","eventTrigger":{"eventType":"providers/firebase.auth/eventTypes/user.delete","resource":"projects/trackvis-c9599","service":"firebaseauth.googleapis.com","failurePolicy":{}},"status":"ACTIVE","entryPoint":"onAuthUserDelete","timeout":"60s","availableMemoryMb":256,"serviceAccountEmail":"trackvis-c9599@appspot.gserviceaccount.com","updateTime":"2026-08-08T08:30:45.669Z","versionId":"6","labels":{"deployment-tool":"cli-firebase","firebase-functions-hash":"030b5fdacd415b6267276a035a674204ddea33a6"},"sourceUploadUrl":"https://storage.googleapis.com/uploads-676679363667.us-central1.cloudfunctions.appspot.com/93d36f44-c998-436a-9d65-da429e9b1f52.zip","environmentVariables":{"FIREBASE_CONFIG":"{\"projectId\":\"trackvis-c9599\",\"storageBucket\":\"trackvis-c9599.firebasestorage.app\"}","GCLOUD_PROJECT":"trackvis-c9599","EVENTARC_CLOUD_EVENT_SOURCE":"projects/trackvis-c9599/locations/us-central1/functions/onAuthUserDelete"},"runtime":"nodejs22","maxInstances":3000,"ingressSettings":"ALLOW_ALL","buildId":"df3dcd60-81fe-4400-ae9e-440f820e768e","buildEnvironmentVariables":{"GOOGLE_NODE_RUN_SCRIPTS":""},"buildName":"projects/997949731568/locations/us-central1/builds/df3dcd60-81fe-4400-ae9e-440f820e768e","dockerRegistry":"ARTIFACT_REGISTRY","automaticUpdatePolicy":{},"buildServiceAccount":"projects/trackvis-c9599/serviceAccounts/997949731568-compute@developer.gserviceaccount.com","satisfiesPzi":true},{"name":"projects/trackvis-c9599/locations/us-central1/functions/updateRFIDLocation","httpsTrigger":{"url":"https://us-central1-trackvis-c9599.cloudfunctions.net/updateRFIDLocation","securityLevel":"SECURE_ALWAYS"},"status":"ACTIVE","entryPoint":"updateRFIDLocation","timeout":"60s","availableMemoryMb":256,"serviceAccountEmail":"trackvis-c9599@appspot.gserviceaccount.com","updateTime":"2026-08-08T08:30:40.170Z","versionId":"7","labels":{"deployment-tool":"cli-firebase","firebase-functions-hash":"030b5fdacd415b6267276a035a674204ddea33a6"},"sourceUploadUrl":"https://storage.googleapis.com/uploads-676679363667.us-central1.cloudfunctions.appspot.com/93d36f44-c998-436a-9d65-da429e9b1f52.zip","environmentVariables":{"FIREBASE_CONFIG":"{\"projectId\":\"trackvis-c9599\",\"storageBucket\":\"trackvis-c9599.firebasestorage.app\"}","GCLOUD_PROJECT":"trackvis-c9599","EVENTARC_CLOUD_EVENT_SOURCE":"projects/trackvis-c9599/locations/us-central1/functions/updateRFIDLocation"},"runtime":"nodejs22","ingressSettings":"ALLOW_ALL","buildId":"df3dcd60-81fe-4400-ae9e-440f820e768e","buildEnvironmentVariables":{"GOOGLE_NODE_RUN_SCRIPTS":""},"buildName":"projects/997949731568/locations/us-central1/builds/df3dcd60-81fe-4400-ae9e-440f820e768e","dockerRegistry":"ARTIFACT_REGISTRY","automaticUpdatePolicy":{},"buildServiceAccount":"projects/trackvis-c9599/serviceAccounts/997949731568-compute@developer.gserviceaccount.com","satisfiesPzi":true}]}
[debug] [2026-08-08T08:59:12.405Z] Checked if tokens are valid: true, expires at: 1786181260340
[debug] [2026-08-08T08:59:12.406Z] Checked if tokens are valid: true, expires at: 1786181260340
[debug] [2026-08-08T08:59:12.406Z] >>> [apiv2][query] GET https://cloudfunctions.googleapis.com/v2/projects/trackvis-c9599/locations/-/functions filter=environment%3D%22GEN_2%22
[debug] [2026-08-08T08:59:13.774Z] <<< [apiv2][status] GET https://cloudfunctions.googleapis.com/v2/projects/trackvis-c9599/locations/-/functions 200
[debug] [2026-08-08T08:59:13.774Z] <<< [apiv2][body] GET https://cloudfunctions.googleapis.com/v2/projects/trackvis-c9599/locations/-/functions {}
[info] i  extensions: ensuring required API firebaseextensions.googleapis.com is enabled... 
[debug] [2026-08-08T08:59:13.778Z] > command requires scopes: ["email","openid","https://www.googleapis.com/auth/cloudplatformprojects.readonly","https://www.googleapis.com/auth/firebase","https://www.googleapis.com/auth/cloud-platform"]
[debug] [2026-08-08T08:59:13.778Z] > authorizing via signed-in user (jonaldhermogeno625@gmail.com)
[debug] [2026-08-08T08:59:13.779Z] [iam] checking project trackvis-c9599 for permissions ["firebase.projects.get","firebaseextensions.instances.list"]
[debug] [2026-08-08T08:59:13.779Z] Checked if tokens are valid: true, expires at: 1786181260340
[debug] [2026-08-08T08:59:13.779Z] Checked if tokens are valid: true, expires at: 1786181260340
[debug] [2026-08-08T08:59:13.779Z] >>> [apiv2][query] POST https://cloudresourcemanager.googleapis.com/v1/projects/trackvis-c9599:testIamPermissions [none]
[debug] [2026-08-08T08:59:13.780Z] >>> [apiv2][(partial)header] POST https://cloudresourcemanager.googleapis.com/v1/projects/trackvis-c9599:testIamPermissions  x-goog-user-project=trackvis-c9599
[debug] [2026-08-08T08:59:13.780Z] >>> [apiv2][body] POST https://cloudresourcemanager.googleapis.com/v1/projects/trackvis-c9599:testIamPermissions {"permissions":["firebase.projects.get","firebaseextensions.instances.list"]}
[debug] [2026-08-08T08:59:14.891Z] <<< [apiv2][status] POST https://cloudresourcemanager.googleapis.com/v1/projects/trackvis-c9599:testIamPermissions 200
[debug] [2026-08-08T08:59:14.892Z] <<< [apiv2][body] POST https://cloudresourcemanager.googleapis.com/v1/projects/trackvis-c9599:testIamPermissions {"permissions":["firebase.projects.get","firebaseextensions.instances.list"]}
[debug] [2026-08-08T08:59:14.892Z] Checked if tokens are valid: true, expires at: 1786181260340
[debug] [2026-08-08T08:59:14.893Z] Checked if tokens are valid: true, expires at: 1786181260340
[debug] [2026-08-08T08:59:14.893Z] >>> [apiv2][query] GET https://firebaseextensions.googleapis.com/v1beta/projects/trackvis-c9599/instances pageSize=100&pageToken=
[debug] [2026-08-08T08:59:16.262Z] <<< [apiv2][status] GET https://firebaseextensions.googleapis.com/v1beta/projects/trackvis-c9599/instances 200
[debug] [2026-08-08T08:59:16.262Z] <<< [apiv2][body] GET https://firebaseextensions.googleapis.com/v1beta/projects/trackvis-c9599/instances {}
[info] i  functions: preparing functions directory for uploading... 
[info] i  functions: packaged C:\Users\Jonald Hermogeno\Documents\Jonald Folder\TrackvisNew\functions (32.28 KB) for uploading 
[debug] [2026-08-08T08:59:16.296Z] Checked if tokens are valid: true, expires at: 1786181260340
[debug] [2026-08-08T08:59:16.296Z] Checked if tokens are valid: true, expires at: 1786181260340
[debug] [2026-08-08T08:59:16.296Z] >>> [apiv2][query] GET https://firestore.googleapis.com/v1/projects/trackvis-c9599/databases/(default) [none]
[debug] [2026-08-08T08:59:16.968Z] <<< [apiv2][status] GET https://firestore.googleapis.com/v1/projects/trackvis-c9599/databases/(default) 200
[debug] [2026-08-08T08:59:16.968Z] <<< [apiv2][body] GET https://firestore.googleapis.com/v1/projects/trackvis-c9599/databases/(default) {"name":"projects/trackvis-c9599/databases/(default)","uid":"75f11d91-8bb1-4fbb-8e4f-141eb0aa5121","createTime":"2026-06-10T13:53:43.697454Z","updateTime":"2026-06-10T13:53:43.697454Z","locationId":"asia-southeast1","type":"FIRESTORE_NATIVE","concurrencyMode":"PESSIMISTIC","versionRetentionPeriod":"3600s","earliestVersionTime":"2026-08-08T07:59:16.819728Z","appEngineIntegrationMode":"DISABLED","keyPrefix":"zas","pointInTimeRecoveryEnablement":"POINT_IN_TIME_RECOVERY_DISABLED","deleteProtectionState":"DELETE_PROTECTION_DISABLED","databaseEdition":"STANDARD","freeTier":true,"realtimeUpdatesMode":"REALTIME_UPDATES_MODE_ENABLED","etag":"II+C9a/VkJYDMPXr3Krq/JQD"}
[warn] !  functions: The following functions have triggers in different regions than they are located:
- onVisitorDelete (us-central1, Trigger: asia-southeast1)
To avoid unnecessary cross-region network hops, consider assigning these functions to their trigger regions or collocating them. To suppress this warning, set FIREBASE_SUPPRESS_REGION_WARNING=true in your environment variables. 
[debug] [2026-08-08T08:59:16.974Z] Checked if tokens are valid: true, expires at: 1786181260340
[debug] [2026-08-08T08:59:16.974Z] Checked if tokens are valid: true, expires at: 1786181260340
[debug] [2026-08-08T08:59:16.974Z] >>> [apiv2][query] GET https://cloudresourcemanager.googleapis.com/v1/projects/trackvis-c9599 [none]
[debug] [2026-08-08T08:59:17.300Z] <<< [apiv2][status] GET https://cloudresourcemanager.googleapis.com/v1/projects/trackvis-c9599 200
[debug] [2026-08-08T08:59:17.300Z] <<< [apiv2][body] GET https://cloudresourcemanager.googleapis.com/v1/projects/trackvis-c9599 {"projectNumber":"997949731568","projectId":"trackvis-c9599","lifecycleState":"ACTIVE","name":"TrackVis","labels":{"firebase":"enabled","firebase-core":"disabled"},"createTime":"2026-06-10T13:45:29.190Z"}
[debug] [2026-08-08T08:59:17.302Z] Checked if tokens are valid: true, expires at: 1786181260340
[debug] [2026-08-08T08:59:17.303Z] Checked if tokens are valid: true, expires at: 1786181260340
[debug] [2026-08-08T08:59:17.303Z] >>> [apiv2][query] GET https://firebasehosting.googleapis.com/v1beta1/projects/trackvis-c9599/sites/trackvis-c9599 [none]
[debug] [2026-08-08T08:59:18.267Z] <<< [apiv2][status] GET https://firebasehosting.googleapis.com/v1beta1/projects/trackvis-c9599/sites/trackvis-c9599 200
[debug] [2026-08-08T08:59:18.267Z] <<< [apiv2][body] GET https://firebasehosting.googleapis.com/v1beta1/projects/trackvis-c9599/sites/trackvis-c9599 {"name":"projects/trackvis-c9599/sites/trackvis-c9599","defaultUrl":"https://trackvis-c9599.web.app","appId":"1:997949731568:web:da5ac8e7e3a188efba0835","type":"DEFAULT_SITE"}
[debug] [2026-08-08T08:59:18.271Z] Checked if tokens are valid: true, expires at: 1786181260340
[debug] [2026-08-08T08:59:18.271Z] Checked if tokens are valid: true, expires at: 1786181260340
[debug] [2026-08-08T08:59:18.271Z] >>> [apiv2][query] POST https://firebasehosting.googleapis.com/v1beta1/projects/-/sites/trackvis-c9599/versions [none]
[debug] [2026-08-08T08:59:18.271Z] >>> [apiv2][body] POST https://firebasehosting.googleapis.com/v1beta1/projects/-/sites/trackvis-c9599/versions {"status":"CREATED","labels":{"deployment-tool":"cli-firebase"}}
[debug] [2026-08-08T08:59:19.553Z] <<< [apiv2][status] POST https://firebasehosting.googleapis.com/v1beta1/projects/-/sites/trackvis-c9599/versions 200
[debug] [2026-08-08T08:59:19.553Z] <<< [apiv2][body] POST https://firebasehosting.googleapis.com/v1beta1/projects/-/sites/trackvis-c9599/versions {"name":"projects/997949731568/sites/trackvis-c9599/versions/ec0901fd9b77a31b","status":"CREATED","config":{},"labels":{"deployment-tool":"cli-firebase"}}
[debug] [2026-08-08T08:59:19.554Z] Checked if tokens are valid: true, expires at: 1786181260340
[debug] [2026-08-08T08:59:19.554Z] Checked if tokens are valid: true, expires at: 1786181260340
[debug] [2026-08-08T08:59:19.554Z] >>> [apiv2][query] GET https://cloudbilling.googleapis.com/v1/projects/trackvis-c9599/billingInfo [none]
[debug] [2026-08-08T08:59:20.847Z] <<< [apiv2][status] GET https://cloudbilling.googleapis.com/v1/projects/trackvis-c9599/billingInfo 200
[debug] [2026-08-08T08:59:20.847Z] <<< [apiv2][body] GET https://cloudbilling.googleapis.com/v1/projects/trackvis-c9599/billingInfo {"name":"projects/trackvis-c9599/billingInfo","projectId":"trackvis-c9599","billingAccountName":"billingAccounts/016396-5C15C0-7C23CB","billingEnabled":true}
[debug] [2026-08-08T08:59:20.849Z] Checked if tokens are valid: true, expires at: 1786181260340
[debug] [2026-08-08T08:59:20.849Z] Checked if tokens are valid: true, expires at: 1786181260340
[debug] [2026-08-08T08:59:20.850Z] >>> [apiv2][query] POST https://cloudfunctions.googleapis.com/v1/projects/trackvis-c9599/locations/us-central1/functions:generateUploadUrl [none]
[debug] [2026-08-08T08:59:20.850Z] >>> [apiv2][body] POST https://cloudfunctions.googleapis.com/v1/projects/trackvis-c9599/locations/us-central1/functions:generateUploadUrl {}
[debug] [2026-08-08T08:59:21.942Z] <<< [apiv2][status] POST https://cloudfunctions.googleapis.com/v1/projects/trackvis-c9599/locations/us-central1/functions:generateUploadUrl 200
[debug] [2026-08-08T08:59:21.942Z] <<< [apiv2][body] POST https://cloudfunctions.googleapis.com/v1/projects/trackvis-c9599/locations/us-central1/functions:generateUploadUrl {"uploadUrl":"https://storage.googleapis.com/uploads-676679363667.us-central1.cloudfunctions.appspot.com/bc65f62f-5578-4ab2-b85b-51a53dd2982c.zip?GoogleAccessId=service-997949731568@gcf-admin-robot.iam.gserviceaccount.com&Expires=1786181361&Signature=jEPKgIlNySf2WHOuVoRh7OiNZn9sDZ0BrsKD2VFGXFawe2xvUe%2FB3DgtmOdP7OcVHfWePApeLF4cbG66OR2S6vbClqf3sgnludOv7CXErrS5VpWHFP0LvMpmuor%2BKS3mo4IM8zw43ZGvC6YD%2ByiDk7JTYfNxkIEJBBOnLWM7s%2Fn8OnbCNkiN3Hf%2Bw0HG7oS%2BWZCcttDWJz4ABbfVW5opUAxZeKgkXip5HNVDz0rwDWnfzL9ASy7x6RJkppDxeHmC1eweOL%2B5pCN8AZKj5yxO0qMa%2Bxs01zuFnIeYo6gfVw%2B3L%2BSlPUwAsSNAWMhXTGgxoXheFrn61%2FTxJFb5M0ennQ%3D%3D"}
[debug] [2026-08-08T08:59:21.943Z] >>> [apiv2][query] PUT https://storage.googleapis.com/uploads-676679363667.us-central1.cloudfunctions.appspot.com/bc65f62f-5578-4ab2-b85b-51a53dd2982c.zip GoogleAccessId=service-997949731568%40gcf-admin-robot.iam.gserviceaccount.com&Expires=1786181361&Signature=jEPKgIlNySf2WHOuVoRh7OiNZn9sDZ0BrsKD2VFGXFawe2xvUe%2FB3DgtmOdP7OcVHfWePApeLF4cbG66OR2S6vbClqf3sgnludOv7CXErrS5VpWHFP0LvMpmuor%2BKS3mo4IM8zw43ZGvC6YD%2ByiDk7JTYfNxkIEJBBOnLWM7s%2Fn8OnbCNkiN3Hf%2Bw0HG7oS%2BWZCcttDWJz4ABbfVW5opUAxZeKgkXip5HNVDz0rwDWnfzL9ASy7x6RJkppDxeHmC1eweOL%2B5pCN8AZKj5yxO0qMa%2Bxs01zuFnIeYo6gfVw%2B3L%2BSlPUwAsSNAWMhXTGgxoXheFrn61%2FTxJFb5M0ennQ%3D%3D
[debug] [2026-08-08T08:59:21.943Z] >>> [apiv2][body] PUT https://storage.googleapis.com/uploads-676679363667.us-central1.cloudfunctions.appspot.com/bc65f62f-5578-4ab2-b85b-51a53dd2982c.zip [stream]
[debug] [2026-08-08T08:59:23.204Z] <<< [apiv2][status] PUT https://storage.googleapis.com/uploads-676679363667.us-central1.cloudfunctions.appspot.com/bc65f62f-5578-4ab2-b85b-51a53dd2982c.zip 200
[debug] [2026-08-08T08:59:23.204Z] <<< [apiv2][body] PUT https://storage.googleapis.com/uploads-676679363667.us-central1.cloudfunctions.appspot.com/bc65f62f-5578-4ab2-b85b-51a53dd2982c.zip [omitted]
[info] +  functions: functions source uploaded successfully 
[info] i  hosting[trackvis-c9599]: beginning deploy... 
[info] i  hosting[trackvis-c9599]: found 7 files in dist 
[debug] [2026-08-08T08:59:23.216Z] [hosting] uploading with 200 concurrency
[debug] [2026-08-08T08:59:23.289Z] Checked if tokens are valid: true, expires at: 1786181260340
[debug] [2026-08-08T08:59:23.289Z] Checked if tokens are valid: true, expires at: 1786181260340
[debug] [2026-08-08T08:59:23.290Z] [hosting] hash cache [ZGlzdA] stored for 7 files
[debug] [2026-08-08T08:59:23.290Z] [hosting][hash queue][FINAL] {"max":69,"min":0,"avg":10.857142857142858,"active":0,"complete":7,"success":7,"errored":0,"retried":0,"total":7,"elapsed":71}
[debug] [2026-08-08T08:59:23.290Z] >>> [apiv2][query] POST https://firebasehosting.googleapis.com/v1beta1/projects/997949731568/sites/trackvis-c9599/versions/ec0901fd9b77a31b:populateFiles [none]
[debug] [2026-08-08T08:59:23.290Z] >>> [apiv2][body] POST https://firebasehosting.googleapis.com/v1beta1/projects/997949731568/sites/trackvis-c9599/versions/ec0901fd9b77a31b:populateFiles {"files":{"/rfid_admin.html":"339eca5cc36f7f22a3c84629ac36c589968b9f3afe195fcbbfc93c64f4dd03bb","/icons.svg":"a71fc7c82918feffdb1e7e59f1b494531849b1025cedc75bc6c0dfa2a941d54d","/favicon.svg":"44fea64ea0b4986cf22dbc28741fe402f021baf13dbd2cc8ce6aa04b24300573","/models/newschools.glb":"c3d149017a89fb683e8f37062d52eae2badc12ef5efe4e96d1f7e460ae8c45f9","/index.html":"0b8b0c89c50d4e963b1c92636c990abe4ce9e9717a7388cb2641ef205c6d3cea","/assets/index-CpifmPHA.css":"fe560d8f0d10aab281287eea078ac4c5e545caadaa2e82e569a088f0caa3809a","/assets/index-sR1np3SZ.js":"622342cb63b2f9a7d32c8a732bc59e7ce35fe05cd8d6079849f31054daf4d7d3"}}
[debug] [2026-08-08T08:59:24.064Z] <<< [apiv2][status] POST https://firebasehosting.googleapis.com/v1beta1/projects/997949731568/sites/trackvis-c9599/versions/ec0901fd9b77a31b:populateFiles 200
[debug] [2026-08-08T08:59:24.064Z] <<< [apiv2][body] POST https://firebasehosting.googleapis.com/v1beta1/projects/997949731568/sites/trackvis-c9599/versions/ec0901fd9b77a31b:populateFiles {"uploadUrl":"https://upload-firebasehosting.googleapis.com/upload/sites/trackvis-c9599/versions/ec0901fd9b77a31b/files"}
[debug] [2026-08-08T08:59:24.064Z] [hosting][populate queue][FINAL] {"max":775,"min":775,"avg":775,"active":0,"complete":1,"success":1,"errored":0,"retried":0,"total":1,"elapsed":775}
[debug] [2026-08-08T08:59:24.064Z] [hosting] uploads queued: 0
[debug] [2026-08-08T08:59:24.065Z] [hosting][upload queue][FINAL] {"max":0,"min":9999999999,"avg":0,"active":0,"complete":0,"success":0,"errored":0,"retried":0,"total":0,"elapsed":1786179564065}
[info] +  hosting[trackvis-c9599]: file upload complete 
[debug] [2026-08-08T08:59:24.065Z] [hosting] deploy completed after 858ms
[info] i  functions: Skipping the deploy of unchanged functions. 
[info] +  functions[registerVisitor(us-central1)] Skipped (No changes detected) 
[info] i  functions: updating Node.js 22 (1st Gen) function updateRFIDLocation(us-central1)... 
[info] i  functions: updating Node.js 22 (1st Gen) function scanRFID(us-central1)... 
[info] i  functions: updating Node.js 22 (1st Gen) function onVisitorDelete(us-central1)... 
[info] i  functions: updating Node.js 22 (1st Gen) function onAuthUserDelete(us-central1)... 
[debug] [2026-08-08T08:59:24.071Z] Checked if tokens are valid: true, expires at: 1786181260340
[debug] [2026-08-08T08:59:24.071Z] Checked if tokens are valid: true, expires at: 1786181260340
[debug] [2026-08-08T08:59:24.071Z] >>> [apiv2][query] PATCH https://cloudfunctions.googleapis.com/v1/projects/trackvis-c9599/locations/us-central1/functions/updateRFIDLocation updateMask=name%2CsourceUploadUrl%2CentryPoint%2Cruntime%2CdockerRegistry%2Clabels%2ChttpsTrigger.securityLevel%2CminInstances%2CmaxInstances%2CingressSettings%2CenvironmentVariables%2CserviceAccountEmail%2CavailableMemoryMb%2Ctimeout%2CvpcConnector%2CvpcConnectorEgressSettings%2CsourceToken%2CbuildEnvironmentVariables
[debug] [2026-08-08T08:59:24.071Z] >>> [apiv2][body] PATCH https://cloudfunctions.googleapis.com/v1/projects/trackvis-c9599/locations/us-central1/functions/updateRFIDLocation {"name":"projects/trackvis-c9599/locations/us-central1/functions/updateRFIDLocation","sourceUploadUrl":"https://storage.googleapis.com/uploads-676679363667.us-central1.cloudfunctions.appspot.com/bc65f62f-5578-4ab2-b85b-51a53dd2982c.zip?GoogleAccessId=service-997949731568@gcf-admin-robot.iam.gserviceaccount.com&Expires=1786181361&Signature=jEPKgIlNySf2WHOuVoRh7OiNZn9sDZ0BrsKD2VFGXFawe2xvUe%2FB3DgtmOdP7OcVHfWePApeLF4cbG66OR2S6vbClqf3sgnludOv7CXErrS5VpWHFP0LvMpmuor%2BKS3mo4IM8zw43ZGvC6YD%2ByiDk7JTYfNxkIEJBBOnLWM7s%2Fn8OnbCNkiN3Hf%2Bw0HG7oS%2BWZCcttDWJz4ABbfVW5opUAxZeKgkXip5HNVDz0rwDWnfzL9ASy7x6RJkppDxeHmC1eweOL%2B5pCN8AZKj5yxO0qMa%2Bxs01zuFnIeYo6gfVw%2B3L%2BSlPUwAsSNAWMhXTGgxoXheFrn61%2FTxJFb5M0ennQ%3D%3D","entryPoint":"updateRFIDLocation","runtime":"nodejs22","dockerRegistry":"ARTIFACT_REGISTRY","labels":{"deployment-tool":"cli-firebase","firebase-functions-hash":"0a3003f3c6b2bdf37fda9b7d120d154f5b45a34c"},"httpsTrigger":{"securityLevel":"SECURE_ALWAYS"},"minInstances":null,"maxInstances":null,"ingressSettings":null,"environmentVariables":{"FIREBASE_CONFIG":"{\"projectId\":\"trackvis-c9599\",\"storageBucket\":\"trackvis-c9599.firebasestorage.app\"}","GCLOUD_PROJECT":"trackvis-c9599","EVENTARC_CLOUD_EVENT_SOURCE":"projects/trackvis-c9599/locations/us-central1/functions/updateRFIDLocation"},"serviceAccountEmail":null,"availableMemoryMb":null,"timeout":null,"vpcConnector":null,"vpcConnectorEgressSettings":null,"buildEnvironmentVariables":{"GOOGLE_NODE_RUN_SCRIPTS":""}}
[debug] [2026-08-08T08:59:24.982Z] <<< [apiv2][status] PATCH https://cloudfunctions.googleapis.com/v1/projects/trackvis-c9599/locations/us-central1/functions/updateRFIDLocation 200
[debug] [2026-08-08T08:59:24.982Z] <<< [apiv2][body] PATCH https://cloudfunctions.googleapis.com/v1/projects/trackvis-c9599/locations/us-central1/functions/updateRFIDLocation {"name":"operations/dHJhY2t2aXMtYzk1OTkvdXMtY2VudHJhbDEvdXBkYXRlUkZJRExvY2F0aW9uLzRKME1FX3Btak5B","metadata":{"@type":"type.googleapis.com/google.cloud.functions.v1.OperationMetadataV1","target":"projects/trackvis-c9599/locations/us-central1/functions/updateRFIDLocation","type":"UPDATE_FUNCTION","request":{"@type":"type.googleapis.com/google.cloud.functions.v1.CloudFunction","name":"projects/trackvis-c9599/locations/us-central1/functions/updateRFIDLocation","httpsTrigger":{"url":"https://us-central1-trackvis-c9599.cloudfunctions.net/updateRFIDLocation","securityLevel":"SECURE_ALWAYS"},"status":"ACTIVE","entryPoint":"updateRFIDLocation","updateTime":"2026-08-08T08:30:40.170Z","versionId":"7","labels":{"deployment-tool":"cli-firebase","firebase-functions-hash":"0a3003f3c6b2bdf37fda9b7d120d154f5b45a34c"},"sourceUploadUrl":"https://storage.googleapis.com/uploads-676679363667.us-central1.cloudfunctions.appspot.com/bc65f62f-5578-4ab2-b85b-51a53dd2982c.zip?GoogleAccessId=service-997949731568@gcf-admin-robot.iam.gserviceaccount.com&Expires=1786181361&Signature=jEPKgIlNySf2WHOuVoRh7OiNZn9sDZ0BrsKD2VFGXFawe2xvUe%2FB3DgtmOdP7OcVHfWePApeLF4cbG66OR2S6vbClqf3sgnludOv7CXErrS5VpWHFP0LvMpmuor%2BKS3mo4IM8zw43ZGvC6YD%2ByiDk7JTYfNxkIEJBBOnLWM7s%2Fn8OnbCNkiN3Hf%2Bw0HG7oS%2BWZCcttDWJz4ABbfVW5opUAxZeKgkXip5HNVDz0rwDWnfzL9ASy7x6RJkppDxeHmC1eweOL%2B5pCN8AZKj5yxO0qMa%2Bxs01zuFnIeYo6gfVw%2B3L%2BSlPUwAsSNAWMhXTGgxoXheFrn61%2FTxJFb5M0ennQ%3D%3D","environmentVariables":{"FIREBASE_CONFIG":"{\"projectId\":\"trackvis-c9599\",\"storageBucket\":\"trackvis-c9599.firebasestorage.app\"}","GCLOUD_PROJECT":"trackvis-c9599","EVENTARC_CLOUD_EVENT_SOURCE":"projects/trackvis-c9599/locations/us-central1/functions/updateRFIDLocation"},"runtime":"nodejs22","buildId":"df3dcd60-81fe-4400-ae9e-440f820e768e","buildEnvironmentVariables":{"GOOGLE_NODE_RUN_SCRIPTS":""},"buildName":"projects/997949731568/locations/us-central1/builds/df3dcd60-81fe-4400-ae9e-440f820e768e","dockerRegistry":"ARTIFACT_REGISTRY","automaticUpdatePolicy":{},"buildServiceAccount":"projects/trackvis-c9599/serviceAccounts/997949731568-compute@developer.gserviceaccount.com"},"versionId":"8","updateTime":"2026-08-08T08:59:24Z"}}
[debug] [2026-08-08T08:59:24.983Z] Checked if tokens are valid: true, expires at: 1786181260340
[debug] [2026-08-08T08:59:24.984Z] Checked if tokens are valid: true, expires at: 1786181260340
[debug] [2026-08-08T08:59:24.984Z] >>> [apiv2][query] GET https://cloudfunctions.googleapis.com/v1/operations/dHJhY2t2aXMtYzk1OTkvdXMtY2VudHJhbDEvdXBkYXRlUkZJRExvY2F0aW9uLzRKME1FX3Btak5B [none]
[debug] [2026-08-08T08:59:25.483Z] <<< [apiv2][status] GET https://cloudfunctions.googleapis.com/v1/operations/dHJhY2t2aXMtYzk1OTkvdXMtY2VudHJhbDEvdXBkYXRlUkZJRExvY2F0aW9uLzRKME1FX3Btak5B 200
[debug] [2026-08-08T08:59:25.483Z] <<< [apiv2][body] GET https://cloudfunctions.googleapis.com/v1/operations/dHJhY2t2aXMtYzk1OTkvdXMtY2VudHJhbDEvdXBkYXRlUkZJRExvY2F0aW9uLzRKME1FX3Btak5B {"name":"operations/dHJhY2t2aXMtYzk1OTkvdXMtY2VudHJhbDEvdXBkYXRlUkZJRExvY2F0aW9uLzRKME1FX3Btak5B","metadata":{"@type":"type.googleapis.com/google.cloud.functions.v1.OperationMetadataV1","target":"projects/trackvis-c9599/locations/us-central1/functions/updateRFIDLocation","type":"UPDATE_FUNCTION","request":{"@type":"type.googleapis.com/google.cloud.functions.v1.CloudFunction","name":"projects/trackvis-c9599/locations/us-central1/functions/updateRFIDLocation","httpsTrigger":{"url":"https://us-central1-trackvis-c9599.cloudfunctions.net/updateRFIDLocation","securityLevel":"SECURE_ALWAYS"},"status":"ACTIVE","entryPoint":"updateRFIDLocation","updateTime":"2026-08-08T08:30:40.170Z","versionId":"7","labels":{"deployment-tool":"cli-firebase","firebase-functions-hash":"0a3003f3c6b2bdf37fda9b7d120d154f5b45a34c"},"sourceUploadUrl":"https://storage.googleapis.com/uploads-676679363667.us-central1.cloudfunctions.appspot.com/bc65f62f-5578-4ab2-b85b-51a53dd2982c.zip?GoogleAccessId=service-997949731568@gcf-admin-robot.iam.gserviceaccount.com&Expires=1786181361&Signature=jEPKgIlNySf2WHOuVoRh7OiNZn9sDZ0BrsKD2VFGXFawe2xvUe%2FB3DgtmOdP7OcVHfWePApeLF4cbG66OR2S6vbClqf3sgnludOv7CXErrS5VpWHFP0LvMpmuor%2BKS3mo4IM8zw43ZGvC6YD%2ByiDk7JTYfNxkIEJBBOnLWM7s%2Fn8OnbCNkiN3Hf%2Bw0HG7oS%2BWZCcttDWJz4ABbfVW5opUAxZeKgkXip5HNVDz0rwDWnfzL9ASy7x6RJkppDxeHmC1eweOL%2B5pCN8AZKj5yxO0qMa%2Bxs01zuFnIeYo6gfVw%2B3L%2BSlPUwAsSNAWMhXTGgxoXheFrn61%2FTxJFb5M0ennQ%3D%3D","environmentVariables":{"FIREBASE_CONFIG":"{\"projectId\":\"trackvis-c9599\",\"storageBucket\":\"trackvis-c9599.firebasestorage.app\"}","GCLOUD_PROJECT":"trackvis-c9599","EVENTARC_CLOUD_EVENT_SOURCE":"projects/trackvis-c9599/locations/us-central1/functions/updateRFIDLocation"},"runtime":"nodejs22","buildId":"df3dcd60-81fe-4400-ae9e-440f820e768e","buildEnvironmentVariables":{"GOOGLE_NODE_RUN_SCRIPTS":""},"buildName":"projects/997949731568/locations/us-central1/builds/df3dcd60-81fe-4400-ae9e-440f820e768e","dockerRegistry":"ARTIFACT_REGISTRY","automaticUpdatePolicy":{},"buildServiceAccount":"projects/trackvis-c9599/serviceAccounts/997949731568-compute@developer.gserviceaccount.com"},"versionId":"8","updateTime":"2026-08-08T08:59:24Z"}}
[debug] [2026-08-08T08:59:25.994Z] [update-default-us-central1-updateRFIDLocation] Retrying task index 0
[debug] [2026-08-08T08:59:25.995Z] Checked if tokens are valid: true, expires at: 1786181260340
[debug] [2026-08-08T08:59:25.995Z] Checked if tokens are valid: true, expires at: 1786181260340
[debug] [2026-08-08T08:59:25.995Z] >>> [apiv2][query] GET https://cloudfunctions.googleapis.com/v1/operations/dHJhY2t2aXMtYzk1OTkvdXMtY2VudHJhbDEvdXBkYXRlUkZJRExvY2F0aW9uLzRKME1FX3Btak5B [none]
[debug] [2026-08-08T08:59:26.480Z] <<< [apiv2][status] GET https://cloudfunctions.googleapis.com/v1/operations/dHJhY2t2aXMtYzk1OTkvdXMtY2VudHJhbDEvdXBkYXRlUkZJRExvY2F0aW9uLzRKME1FX3Btak5B 200
[debug] [2026-08-08T08:59:26.480Z] <<< [apiv2][body] GET https://cloudfunctions.googleapis.com/v1/operations/dHJhY2t2aXMtYzk1OTkvdXMtY2VudHJhbDEvdXBkYXRlUkZJRExvY2F0aW9uLzRKME1FX3Btak5B {"name":"operations/dHJhY2t2aXMtYzk1OTkvdXMtY2VudHJhbDEvdXBkYXRlUkZJRExvY2F0aW9uLzRKME1FX3Btak5B","metadata":{"@type":"type.googleapis.com/google.cloud.functions.v1.OperationMetadataV1","target":"projects/trackvis-c9599/locations/us-central1/functions/updateRFIDLocation","type":"UPDATE_FUNCTION","request":{"@type":"type.googleapis.com/google.cloud.functions.v1.CloudFunction","name":"projects/trackvis-c9599/locations/us-central1/functions/updateRFIDLocation","httpsTrigger":{"url":"https://us-central1-trackvis-c9599.cloudfunctions.net/updateRFIDLocation","securityLevel":"SECURE_ALWAYS"},"status":"ACTIVE","entryPoint":"updateRFIDLocation","updateTime":"2026-08-08T08:30:40.170Z","versionId":"7","labels":{"deployment-tool":"cli-firebase","firebase-functions-hash":"0a3003f3c6b2bdf37fda9b7d120d154f5b45a34c"},"sourceUploadUrl":"https://storage.googleapis.com/uploads-676679363667.us-central1.cloudfunctions.appspot.com/bc65f62f-5578-4ab2-b85b-51a53dd2982c.zip?GoogleAccessId=service-997949731568@gcf-admin-robot.iam.gserviceaccount.com&Expires=1786181361&Signature=jEPKgIlNySf2WHOuVoRh7OiNZn9sDZ0BrsKD2VFGXFawe2xvUe%2FB3DgtmOdP7OcVHfWePApeLF4cbG66OR2S6vbClqf3sgnludOv7CXErrS5VpWHFP0LvMpmuor%2BKS3mo4IM8zw43ZGvC6YD%2ByiDk7JTYfNxkIEJBBOnLWM7s%2Fn8OnbCNkiN3Hf%2Bw0HG7oS%2BWZCcttDWJz4ABbfVW5opUAxZeKgkXip5HNVDz0rwDWnfzL9ASy7x6RJkppDxeHmC1eweOL%2B5pCN8AZKj5yxO0qMa%2Bxs01zuFnIeYo6gfVw%2B3L%2BSlPUwAsSNAWMhXTGgxoXheFrn61%2FTxJFb5M0ennQ%3D%3D","environmentVariables":{"FIREBASE_CONFIG":"{\"projectId\":\"trackvis-c9599\",\"storageBucket\":\"trackvis-c9599.firebasestorage.app\"}","GCLOUD_PROJECT":"trackvis-c9599","EVENTARC_CLOUD_EVENT_SOURCE":"projects/trackvis-c9599/locations/us-central1/functions/updateRFIDLocation"},"runtime":"nodejs22","buildId":"df3dcd60-81fe-4400-ae9e-440f820e768e","buildEnvironmentVariables":{"GOOGLE_NODE_RUN_SCRIPTS":""},"buildName":"projects/997949731568/locations/us-central1/builds/df3dcd60-81fe-4400-ae9e-440f820e768e","dockerRegistry":"ARTIFACT_REGISTRY","automaticUpdatePolicy":{},"buildServiceAccount":"projects/trackvis-c9599/serviceAccounts/997949731568-compute@developer.gserviceaccount.com"},"versionId":"8","updateTime":"2026-08-08T08:59:24Z","buildId":"a387fb1d-ccc0-4e38-9d3d-037f421bd3cb","buildName":"projects/997949731568/locations/us-central1/builds/a387fb1d-ccc0-4e38-9d3d-037f421bd3cb"}}
[debug] [2026-08-08T08:59:27.495Z] [update-default-us-central1-updateRFIDLocation] Retrying task index 0
[debug] [2026-08-08T08:59:27.495Z] Checked if tokens are valid: true, expires at: 1786181260340
[debug] [2026-08-08T08:59:27.495Z] Checked if tokens are valid: true, expires at: 1786181260340
[debug] [2026-08-08T08:59:27.495Z] >>> [apiv2][query] GET https://cloudfunctions.googleapis.com/v1/operations/dHJhY2t2aXMtYzk1OTkvdXMtY2VudHJhbDEvdXBkYXRlUkZJRExvY2F0aW9uLzRKME1FX3Btak5B [none]
[debug] [2026-08-08T08:59:28.003Z] <<< [apiv2][status] GET https://cloudfunctions.googleapis.com/v1/operations/dHJhY2t2aXMtYzk1OTkvdXMtY2VudHJhbDEvdXBkYXRlUkZJRExvY2F0aW9uLzRKME1FX3Btak5B 200
[debug] [2026-08-08T08:59:28.004Z] <<< [apiv2][body] GET https://cloudfunctions.googleapis.com/v1/operations/dHJhY2t2aXMtYzk1OTkvdXMtY2VudHJhbDEvdXBkYXRlUkZJRExvY2F0aW9uLzRKME1FX3Btak5B {"name":"operations/dHJhY2t2aXMtYzk1OTkvdXMtY2VudHJhbDEvdXBkYXRlUkZJRExvY2F0aW9uLzRKME1FX3Btak5B","metadata":{"@type":"type.googleapis.com/google.cloud.functions.v1.OperationMetadataV1","target":"projects/trackvis-c9599/locations/us-central1/functions/updateRFIDLocation","type":"UPDATE_FUNCTION","request":{"@type":"type.googleapis.com/google.cloud.functions.v1.CloudFunction","name":"projects/trackvis-c9599/locations/us-central1/functions/updateRFIDLocation","httpsTrigger":{"url":"https://us-central1-trackvis-c9599.cloudfunctions.net/updateRFIDLocation","securityLevel":"SECURE_ALWAYS"},"status":"ACTIVE","entryPoint":"updateRFIDLocation","updateTime":"2026-08-08T08:30:40.170Z","versionId":"7","labels":{"deployment-tool":"cli-firebase","firebase-functions-hash":"0a3003f3c6b2bdf37fda9b7d120d154f5b45a34c"},"sourceUploadUrl":"https://storage.googleapis.com/uploads-676679363667.us-central1.cloudfunctions.appspot.com/bc65f62f-5578-4ab2-b85b-51a53dd2982c.zip?GoogleAccessId=service-997949731568@gcf-admin-robot.iam.gserviceaccount.com&Expires=1786181361&Signature=jEPKgIlNySf2WHOuVoRh7OiNZn9sDZ0BrsKD2VFGXFawe2xvUe%2FB3DgtmOdP7OcVHfWePApeLF4cbG66OR2S6vbClqf3sgnludOv7CXErrS5VpWHFP0LvMpmuor%2BKS3mo4IM8zw43ZGvC6YD%2ByiDk7JTYfNxkIEJBBOnLWM7s%2Fn8OnbCNkiN3Hf%2Bw0HG7oS%2BWZCcttDWJz4ABbfVW5opUAxZeKgkXip5HNVDz0rwDWnfzL9ASy7x6RJkppDxeHmC1eweOL%2B5pCN8AZKj5yxO0qMa%2Bxs01zuFnIeYo6gfVw%2B3L%2BSlPUwAsSNAWMhXTGgxoXheFrn61%2FTxJFb5M0ennQ%3D%3D","environmentVariables":{"FIREBASE_CONFIG":"{\"projectId\":\"trackvis-c9599\",\"storageBucket\":\"trackvis-c9599.firebasestorage.app\"}","GCLOUD_PROJECT":"trackvis-c9599","EVENTARC_CLOUD_EVENT_SOURCE":"projects/trackvis-c9599/locations/us-central1/functions/updateRFIDLocation"},"runtime":"nodejs22","buildId":"df3dcd60-81fe-4400-ae9e-440f820e768e","buildEnvironmentVariables":{"GOOGLE_NODE_RUN_SCRIPTS":""},"buildName":"projects/997949731568/locations/us-central1/builds/df3dcd60-81fe-4400-ae9e-440f820e768e","dockerRegistry":"ARTIFACT_REGISTRY","automaticUpdatePolicy":{},"buildServiceAccount":"projects/trackvis-c9599/serviceAccounts/997949731568-compute@developer.gserviceaccount.com"},"versionId":"8","updateTime":"2026-08-08T08:59:24Z","buildId":"a387fb1d-ccc0-4e38-9d3d-037f421bd3cb","buildName":"projects/997949731568/locations/us-central1/builds/a387fb1d-ccc0-4e38-9d3d-037f421bd3cb"}}
[debug] [2026-08-08T08:59:30.004Z] [update-default-us-central1-updateRFIDLocation] Retrying task index 0
[debug] [2026-08-08T08:59:30.004Z] Checked if tokens are valid: true, expires at: 1786181260340
[debug] [2026-08-08T08:59:30.004Z] Checked if tokens are valid: true, expires at: 1786181260340
[debug] [2026-08-08T08:59:30.004Z] >>> [apiv2][query] GET https://cloudfunctions.googleapis.com/v1/operations/dHJhY2t2aXMtYzk1OTkvdXMtY2VudHJhbDEvdXBkYXRlUkZJRExvY2F0aW9uLzRKME1FX3Btak5B [none]
[debug] [2026-08-08T08:59:30.743Z] <<< [apiv2][status] GET https://cloudfunctions.googleapis.com/v1/operations/dHJhY2t2aXMtYzk1OTkvdXMtY2VudHJhbDEvdXBkYXRlUkZJRExvY2F0aW9uLzRKME1FX3Btak5B 200
[debug] [2026-08-08T08:59:30.743Z] <<< [apiv2][body] GET https://cloudfunctions.googleapis.com/v1/operations/dHJhY2t2aXMtYzk1OTkvdXMtY2VudHJhbDEvdXBkYXRlUkZJRExvY2F0aW9uLzRKME1FX3Btak5B {"name":"operations/dHJhY2t2aXMtYzk1OTkvdXMtY2VudHJhbDEvdXBkYXRlUkZJRExvY2F0aW9uLzRKME1FX3Btak5B","metadata":{"@type":"type.googleapis.com/google.cloud.functions.v1.OperationMetadataV1","target":"projects/trackvis-c9599/locations/us-central1/functions/updateRFIDLocation","type":"UPDATE_FUNCTION","request":{"@type":"type.googleapis.com/google.cloud.functions.v1.CloudFunction","name":"projects/trackvis-c9599/locations/us-central1/functions/updateRFIDLocation","httpsTrigger":{"url":"https://us-central1-trackvis-c9599.cloudfunctions.net/updateRFIDLocation","securityLevel":"SECURE_ALWAYS"},"status":"ACTIVE","entryPoint":"updateRFIDLocation","updateTime":"2026-08-08T08:30:40.170Z","versionId":"7","labels":{"deployment-tool":"cli-firebase","firebase-functions-hash":"0a3003f3c6b2bdf37fda9b7d120d154f5b45a34c"},"sourceUploadUrl":"https://storage.googleapis.com/uploads-676679363667.us-central1.cloudfunctions.appspot.com/bc65f62f-5578-4ab2-b85b-51a53dd2982c.zip?GoogleAccessId=service-997949731568@gcf-admin-robot.iam.gserviceaccount.com&Expires=1786181361&Signature=jEPKgIlNySf2WHOuVoRh7OiNZn9sDZ0BrsKD2VFGXFawe2xvUe%2FB3DgtmOdP7OcVHfWePApeLF4cbG66OR2S6vbClqf3sgnludOv7CXErrS5VpWHFP0LvMpmuor%2BKS3mo4IM8zw43ZGvC6YD%2ByiDk7JTYfNxkIEJBBOnLWM7s%2Fn8OnbCNkiN3Hf%2Bw0HG7oS%2BWZCcttDWJz4ABbfVW5opUAxZeKgkXip5HNVDz0rwDWnfzL9ASy7x6RJkppDxeHmC1eweOL%2B5pCN8AZKj5yxO0qMa%2Bxs01zuFnIeYo6gfVw%2B3L%2BSlPUwAsSNAWMhXTGgxoXheFrn61%2FTxJFb5M0ennQ%3D%3D","environmentVariables":{"FIREBASE_CONFIG":"{\"projectId\":\"trackvis-c9599\",\"storageBucket\":\"trackvis-c9599.firebasestorage.app\"}","GCLOUD_PROJECT":"trackvis-c9599","EVENTARC_CLOUD_EVENT_SOURCE":"projects/trackvis-c9599/locations/us-central1/functions/updateRFIDLocation"},"runtime":"nodejs22","buildId":"df3dcd60-81fe-4400-ae9e-440f820e768e","buildEnvironmentVariables":{"GOOGLE_NODE_RUN_SCRIPTS":""},"buildName":"projects/997949731568/locations/us-central1/builds/df3dcd60-81fe-4400-ae9e-440f820e768e","dockerRegistry":"ARTIFACT_REGISTRY","automaticUpdatePolicy":{},"buildServiceAccount":"projects/trackvis-c9599/serviceAccounts/997949731568-compute@developer.gserviceaccount.com"},"versionId":"8","updateTime":"2026-08-08T08:59:24Z","buildId":"a387fb1d-ccc0-4e38-9d3d-037f421bd3cb","buildName":"projects/997949731568/locations/us-central1/builds/a387fb1d-ccc0-4e38-9d3d-037f421bd3cb"}}
[debug] [2026-08-08T08:59:34.755Z] [update-default-us-central1-updateRFIDLocation] Retrying task index 0
[debug] [2026-08-08T08:59:34.756Z] Checked if tokens are valid: true, expires at: 1786181260340
[debug] [2026-08-08T08:59:34.756Z] Checked if tokens are valid: true, expires at: 1786181260340
[debug] [2026-08-08T08:59:34.756Z] >>> [apiv2][query] GET https://cloudfunctions.googleapis.com/v1/operations/dHJhY2t2aXMtYzk1OTkvdXMtY2VudHJhbDEvdXBkYXRlUkZJRExvY2F0aW9uLzRKME1FX3Btak5B [none]
[debug] [2026-08-08T08:59:35.107Z] <<< [apiv2][status] GET https://cloudfunctions.googleapis.com/v1/operations/dHJhY2t2aXMtYzk1OTkvdXMtY2VudHJhbDEvdXBkYXRlUkZJRExvY2F0aW9uLzRKME1FX3Btak5B 200
[debug] [2026-08-08T08:59:35.108Z] <<< [apiv2][body] GET https://cloudfunctions.googleapis.com/v1/operations/dHJhY2t2aXMtYzk1OTkvdXMtY2VudHJhbDEvdXBkYXRlUkZJRExvY2F0aW9uLzRKME1FX3Btak5B {"name":"operations/dHJhY2t2aXMtYzk1OTkvdXMtY2VudHJhbDEvdXBkYXRlUkZJRExvY2F0aW9uLzRKME1FX3Btak5B","metadata":{"@type":"type.googleapis.com/google.cloud.functions.v1.OperationMetadataV1","target":"projects/trackvis-c9599/locations/us-central1/functions/updateRFIDLocation","type":"UPDATE_FUNCTION","request":{"@type":"type.googleapis.com/google.cloud.functions.v1.CloudFunction","name":"projects/trackvis-c9599/locations/us-central1/functions/updateRFIDLocation","httpsTrigger":{"url":"https://us-central1-trackvis-c9599.cloudfunctions.net/updateRFIDLocation","securityLevel":"SECURE_ALWAYS"},"status":"ACTIVE","entryPoint":"updateRFIDLocation","updateTime":"2026-08-08T08:30:40.170Z","versionId":"7","labels":{"deployment-tool":"cli-firebase","firebase-functions-hash":"0a3003f3c6b2bdf37fda9b7d120d154f5b45a34c"},"sourceUploadUrl":"https://storage.googleapis.com/uploads-676679363667.us-central1.cloudfunctions.appspot.com/bc65f62f-5578-4ab2-b85b-51a53dd2982c.zip?GoogleAccessId=service-997949731568@gcf-admin-robot.iam.gserviceaccount.com&Expires=1786181361&Signature=jEPKgIlNySf2WHOuVoRh7OiNZn9sDZ0BrsKD2VFGXFawe2xvUe%2FB3DgtmOdP7OcVHfWePApeLF4cbG66OR2S6vbClqf3sgnludOv7CXErrS5VpWHFP0LvMpmuor%2BKS3mo4IM8zw43ZGvC6YD%2ByiDk7JTYfNxkIEJBBOnLWM7s%2Fn8OnbCNkiN3Hf%2Bw0HG7oS%2BWZCcttDWJz4ABbfVW5opUAxZeKgkXip5HNVDz0rwDWnfzL9ASy7x6RJkppDxeHmC1eweOL%2B5pCN8AZKj5yxO0qMa%2Bxs01zuFnIeYo6gfVw%2B3L%2BSlPUwAsSNAWMhXTGgxoXheFrn61%2FTxJFb5M0ennQ%3D%3D","environmentVariables":{"FIREBASE_CONFIG":"{\"projectId\":\"trackvis-c9599\",\"storageBucket\":\"trackvis-c9599.firebasestorage.app\"}","GCLOUD_PROJECT":"trackvis-c9599","EVENTARC_CLOUD_EVENT_SOURCE":"projects/trackvis-c9599/locations/us-central1/functions/updateRFIDLocation"},"runtime":"nodejs22","buildId":"df3dcd60-81fe-4400-ae9e-440f820e768e","buildEnvironmentVariables":{"GOOGLE_NODE_RUN_SCRIPTS":""},"buildName":"projects/997949731568/locations/us-central1/builds/df3dcd60-81fe-4400-ae9e-440f820e768e","dockerRegistry":"ARTIFACT_REGISTRY","automaticUpdatePolicy":{},"buildServiceAccount":"projects/trackvis-c9599/serviceAccounts/997949731568-compute@developer.gserviceaccount.com"},"versionId":"8","updateTime":"2026-08-08T08:59:24Z","buildId":"a387fb1d-ccc0-4e38-9d3d-037f421bd3cb","buildName":"projects/997949731568/locations/us-central1/builds/a387fb1d-ccc0-4e38-9d3d-037f421bd3cb"}}
[debug] [2026-08-08T08:59:43.110Z] [update-default-us-central1-updateRFIDLocation] Retrying task index 0
[debug] [2026-08-08T08:59:43.110Z] Checked if tokens are valid: true, expires at: 1786181260340
[debug] [2026-08-08T08:59:43.110Z] Checked if tokens are valid: true, expires at: 1786181260340
[debug] [2026-08-08T08:59:43.110Z] >>> [apiv2][query] GET https://cloudfunctions.googleapis.com/v1/operations/dHJhY2t2aXMtYzk1OTkvdXMtY2VudHJhbDEvdXBkYXRlUkZJRExvY2F0aW9uLzRKME1FX3Btak5B [none]
[debug] [2026-08-08T08:59:43.824Z] <<< [apiv2][status] GET https://cloudfunctions.googleapis.com/v1/operations/dHJhY2t2aXMtYzk1OTkvdXMtY2VudHJhbDEvdXBkYXRlUkZJRExvY2F0aW9uLzRKME1FX3Btak5B 200
[debug] [2026-08-08T08:59:43.825Z] <<< [apiv2][body] GET https://cloudfunctions.googleapis.com/v1/operations/dHJhY2t2aXMtYzk1OTkvdXMtY2VudHJhbDEvdXBkYXRlUkZJRExvY2F0aW9uLzRKME1FX3Btak5B {"name":"operations/dHJhY2t2aXMtYzk1OTkvdXMtY2VudHJhbDEvdXBkYXRlUkZJRExvY2F0aW9uLzRKME1FX3Btak5B","metadata":{"@type":"type.googleapis.com/google.cloud.functions.v1.OperationMetadataV1","target":"projects/trackvis-c9599/locations/us-central1/functions/updateRFIDLocation","type":"UPDATE_FUNCTION","request":{"@type":"type.googleapis.com/google.cloud.functions.v1.CloudFunction","name":"projects/trackvis-c9599/locations/us-central1/functions/updateRFIDLocation","httpsTrigger":{"url":"https://us-central1-trackvis-c9599.cloudfunctions.net/updateRFIDLocation","securityLevel":"SECURE_ALWAYS"},"status":"ACTIVE","entryPoint":"updateRFIDLocation","updateTime":"2026-08-08T08:30:40.170Z","versionId":"7","labels":{"deployment-tool":"cli-firebase","firebase-functions-hash":"0a3003f3c6b2bdf37fda9b7d120d154f5b45a34c"},"sourceUploadUrl":"https://storage.googleapis.com/uploads-676679363667.us-central1.cloudfunctions.appspot.com/bc65f62f-5578-4ab2-b85b-51a53dd2982c.zip?GoogleAccessId=service-997949731568@gcf-admin-robot.iam.gserviceaccount.com&Expires=1786181361&Signature=jEPKgIlNySf2WHOuVoRh7OiNZn9sDZ0BrsKD2VFGXFawe2xvUe%2FB3DgtmOdP7OcVHfWePApeLF4cbG66OR2S6vbClqf3sgnludOv7CXErrS5VpWHFP0LvMpmuor%2BKS3mo4IM8zw43ZGvC6YD%2ByiDk7JTYfNxkIEJBBOnLWM7s%2Fn8OnbCNkiN3Hf%2Bw0HG7oS%2BWZCcttDWJz4ABbfVW5opUAxZeKgkXip5HNVDz0rwDWnfzL9ASy7x6RJkppDxeHmC1eweOL%2B5pCN8AZKj5yxO0qMa%2Bxs01zuFnIeYo6gfVw%2B3L%2BSlPUwAsSNAWMhXTGgxoXheFrn61%2FTxJFb5M0ennQ%3D%3D","environmentVariables":{"FIREBASE_CONFIG":"{\"projectId\":\"trackvis-c9599\",\"storageBucket\":\"trackvis-c9599.firebasestorage.app\"}","GCLOUD_PROJECT":"trackvis-c9599","EVENTARC_CLOUD_EVENT_SOURCE":"projects/trackvis-c9599/locations/us-central1/functions/updateRFIDLocation"},"runtime":"nodejs22","buildId":"df3dcd60-81fe-4400-ae9e-440f820e768e","buildEnvironmentVariables":{"GOOGLE_NODE_RUN_SCRIPTS":""},"buildName":"projects/997949731568/locations/us-central1/builds/df3dcd60-81fe-4400-ae9e-440f820e768e","dockerRegistry":"ARTIFACT_REGISTRY","automaticUpdatePolicy":{},"buildServiceAccount":"projects/trackvis-c9599/serviceAccounts/997949731568-compute@developer.gserviceaccount.com"},"versionId":"8","updateTime":"2026-08-08T08:59:24Z","buildId":"a387fb1d-ccc0-4e38-9d3d-037f421bd3cb","buildName":"projects/997949731568/locations/us-central1/builds/a387fb1d-ccc0-4e38-9d3d-037f421bd3cb"}}
